// Jest Snapshot v1, https://goo.gl/fbAQLP

exports[`Docmap should render correctly 1`] = `
<div>
  <div
    class="docmapLinks"
  >
    <p
      class="tocTitle"
    >
      RIGHT_NAV_SIDERBAR_TITLE
    </p>
    <div
      data-testid="toc"
    >
      

      <div
        id="toctitle"
      >
        Table of Contents
      </div>
      

      <ul
        class="sectlevel1"
      >
        

        <li>
          <a
            href="#_configuration_requirements"
          >
            Configuration requirements
          </a>
        </li>
        

        <li>
          <a
            href="#_start_embedding"
          >
            Start embedding
          </a>
        </li>
        

        <li>
          <a
            href="#_useful_resources"
          >
            Useful resources
          </a>
        </li>
        

      </ul>
      

    </div>
  </div>
</div>
`;
