// Jest Snapshot v1, https://jestjs.io/docs/snapshot-testing

exports[`event contracts (drift guardrails) UI passthrough wire values are stable (additive-only) 1`] = `
[
  "addVizToPinboard",
  "drillDown",
  "getAnswerPageConfig",
  "getAnswerSession",
  "getAvailableUiPassthroughs",
  "getDiscoverabilityStatus",
  "getExportRequestForCurrentPinboard",
  "getFilters",
  "getGroups",
  "getIframeUrl",
  "getParameters",
  "getPinboardPageConfig",
  "getTML",
  "getTabs",
  "getUnsavedAnswerTML",
  "saveAnswer",
  "updateFilters",
]
`;

exports[`event contracts (drift guardrails) embed event enum wire values referenced by typed payloads are stable 1`] = `
[
  "EmbedListenerReady",
  "authInit",
  "customAction",
]
`;

exports[`event contracts (drift guardrails) typed host event wire values are stable (additive-only) 1`] = `
[
  "AIHighlights",
  "AskSage",
  "AskSpotter",
  "CloseSpotterShareConversation",
  "CloseSpotterVizPanel",
  "DeleteLastPrompt",
  "EditLastPrompt",
  "ExitSpotterSharedConversation",
  "InitSpotterVizConversation",
  "Navigate",
  "OpenSpotterVizPanel",
  "PinSpotterConversation",
  "PreviewSpotterData",
  "ResetLiveboardPersonalisedView",
  "ResetSpotterConversation",
  "SelectPersonalisedView",
  "SetActiveTab",
  "SetPinboardHiddenTabs",
  "SetPinboardVisibleTabs",
  "SetPinboardVisibleVizs",
  "ShareSpotterConversation",
  "SpotterSearch",
  "SpotterVizSendUserMessage",
  "UnpinSpotterConversation",
  "UpdateCrossFilter",
  "UpdateParameters",
  "UpdatePersonalisedView",
  "UpdateRuntimeFilters",
  "addColumns",
  "answerChartSwitcher",
  "createMonitor",
  "downloadAsCSV",
  "downloadAsPdf",
  "downloadAsPng",
  "downloadAsXLSX",
  "edit",
  "editTSL",
  "embedDocument",
  "explore",
  "exportTSL",
  "manage-pipeline",
  "manageMonitor",
  "onDeleteAnswer",
  "openFilter",
  "openParameter",
  "present",
  "refreshLiveboardBrowserCache",
  "removeColumn",
  "resetSearch",
  "save",
  "schedule-list",
  "search",
  "sendTestScheduleEmail",
  "share",
  "showUnderlyingData",
  "spotIQAnalyze",
  "subscription",
  "sync-to-other-apps",
  "sync-to-sheets",
  "updateFilters",
  "updateTSL",
]
`;
